Microchip MPLAB XC8 Compiler V1.45 ()

Linker command line:

-W-3 --edf=C:\Program Files (x86)\Microchip\xc8\v1.45\dat\en_msgs.txt -cs \
  -h+dist/default/production\HM1.X.production.sym \
  --cmf=dist/default/production\HM1.X.production.cmf -z -Q18F4620 \
  -oC:\Users\az\AppData\Local\Temp\sdas.2 \
  -Mdist/default/production/HM1.X.production.map -E1 -ver=XC8 \
  -ASTACK=011Dh-0f7fh -pstack=STACK -ACODE=00h-0FFFFh -ACONST=00h-0FFFFh \
  -ASMALLCONST=01000h-010FFhx240 -AMEDIUMCONST=01000h-0FFFFh \
  -ACOMRAM=01h-07Fh -AABS1=00h-0F7Fh -ABIGRAM=01h-0F7Fh \
  -ARAM=080h-0FFh,0100h-01FFhx14,0F00h-0F7Fh -ABANK0=080h-0FFh \
  -ABANK1=0100h-01FFh -ABANK2=0200h-02FFh -ABANK3=0300h-03FFh \
  -ABANK4=0400h-04FFh -ABANK5=0500h-05FFh -ABANK6=0600h-06FFh \
  -ABANK7=0700h-07FFh -ABANK8=0800h-08FFh -ABANK9=0900h-09FFh \
  -ABANK10=0A00h-0AFFh -ABANK11=0B00h-0BFFh -ABANK12=0C00h-0CFFh \
  -ABANK13=0D00h-0DFFh -ABANK14=0E00h-0EFFh -ABANK15=0F00h-0F7Fh \
  -ASFR=0F80h-0FFFh -preset_vec=00h,intcode=08h,intcodelo,powerup,init \
  -pramtop=01000h -psmallconst=SMALLCONST -pmediumconst=MEDIUMCONST \
  -pconst=CONST -AFARRAM=00h-00h -ACONFIG=0300000h-030000Dh -pconfig=CONFIG \
  -AIDLOC=0200000h-0200007h -pidloc=IDLOC -AEEDATA=0F00000h-0F003FFh \
  -peeprom_data=EEDATA \
  -prdata=COMRAM,nvrram=COMRAM,nvbit=COMRAM,rbss=COMRAM,rbit=COMRAM \
  -pfarbss=FARRAM,fardata=FARRAM,nvFARRAM=FARRAM \
  -pintsave_regs=BIGRAM,bigbss=BIGRAM,bigdata=BIGRAM -pbss=RAM \
  -pidata=CODE,irdata=CODE,ibigdata=CODE,ifardata=CODE -prparam=COMRAM \
  C:\Users\az\AppData\Local\Temp\sdas.obj \
  dist/default/production\HM1.X.production.obj 

Object code version is 3.11

Machine type is 18F4620

Call graph: (short form)




                Name                               Link     Load   Length Selector   Space Scale
C:\Users\az\AppData\Local\Temp\sdas.obj
                init                                  E        E        4        4       0
                reset_vec                             0        0        4        0       0
                idloc                            200000   200000        8   200000       0
                config                           300000   300000        E   300000       0
dist/default/production\HM1.X.production.obj
                intcode                               8        8        6        4       0
                temp                                 67       67        1        1       1
                mediumconst                        FEA2     FEA2      15E     7F51       0
                text47                             275E     275E       16        4       0
                text46                             210A     210A       70        4       0
                intcode_body                       1A76     1A76      10E        4       0
                text44                             265E     265E       26        4       0
                text43                             260A     260A       2E        4       0
                text42                             26EE     26EE       22        4       0
                text41                             245A     245A       48        4       0
                text40                             24E4     24E4       42        4       0
                text39                             23B0     23B0       56        4       0
                text38                             235A     235A       56        4       0
                text37                             1F04     1F04       90        4       0
                text36                             26A8     26A8       24        4       0
                text35                             1E56     1E56       AE        4       0
                text34                             142C     142C      1AE        4       0
                text33                             24A2     24A2       42        4       0
                text32                             1B84     1B84       F8        4       0
                text31                             2018     2018       82        4       0
                text30                             21E0     21E0       66        4       0
                text29                             22A8     22A8       5C        4       0
                text28                             170C     170C      128        4       0
                text27                             15DA     15DA      132        4       0
                text26                             1F94     1F94       84        4       0
                text25                             209A     209A       70        4       0
                text24                             1C7C     1C7C       F4        4       0
                text23                             2638     2638       26        4       0
                text22                              FFA      FFA      27E        4       0
                text21                             2710     2710       1E        4       0
                text20                              B92      B92      468        4       0
                text19                               12       12      B80        4       0
                text18                             1956     1956      120        4       0
                text17                             1834     1834      122        4       0
                text16                             2784     2784       10        4       0
                text15                             2304     2304       56        4       0
                text14                             2746     2746       18        4       0
                text13                             27A0     27A0        8        4       0
                text12                             2774     2774       10        4       0
                text11                             1278     1278      1B4        4       0
                text10                             2794     2794        C        4       0
                text9                              272E     272E       18        4       0
                text8                              2246     2246       62        4       0
                text7                              25A0     25A0       38        4       0
                text6                              1D70     1D70       E6        4       0
                text5                              2566     2566       3A        4       0
                text4                              217A     217A       66        4       0
                text3                              26CC     26CC       22        4       0
                text2                              2684     2684       24        4       0
                text1                              25D8     25D8       32        4       0
                text0                              2406     2406       54        4       0
                cstackCOMRAM                          1        1       5D        1       1
                cstackBANK0                          80       80       4A       80       1
                cstackBANK1                         100      100       1D      100       1
                bssBANK0                             CA       CA       23       80       1
                dataCOMRAM                           62       62        4        1       1
                bssCOMRAM                            5E       5E        4        1       1
                bitbssCOMRAM                        330       66        3        1       1     8
                cinit                              2526     2526       40        4       0
                idataCOMRAM                        27A8     27A8        4        4       0

TOTAL           Name                               Link     Load   Length     Space
        CLASS   STACK          

        CLASS   CODE           
                intcode                               8        8        6         0
                init                                  E        E        4         0
                reset_vec                             0        0        4         0
                text47                             275E     275E       16         0
                text46                             210A     210A       70         0
                intcode_body                       1A76     1A76      10E         0
                text44                             265E     265E       26         0
                text43                             260A     260A       2E         0
                text42                             26EE     26EE       22         0
                text41                             245A     245A       48         0
                text40                             24E4     24E4       42         0
                text39                             23B0     23B0       56         0
                text38                             235A     235A       56         0
                text37                             1F04     1F04       90         0
                text36                             26A8     26A8       24         0
                text35                             1E56     1E56       AE         0
                text34                             142C     142C      1AE         0
                text33                             24A2     24A2       42         0
                text32                             1B84     1B84       F8         0
                text31                             2018     2018       82         0
                text30                             21E0     21E0       66         0
                text29                             22A8     22A8       5C         0
                text28                             170C     170C      128         0
                text27                             15DA     15DA      132         0
                text26                             1F94     1F94       84         0
                text25                             209A     209A       70         0
                text24                             1C7C     1C7C       F4         0
                text23                             2638     2638       26         0
                text22                              FFA      FFA      27E         0
                text21                             2710     2710       1E         0
                text20                              B92      B92      468         0
                text19                               12       12      B80         0
                text18                             1956     1956      120         0
                text17                             1834     1834      122         0
                text16                             2784     2784       10         0
                text15                             2304     2304       56         0
                text14                             2746     2746       18         0
                text13                             27A0     27A0        8         0
                text12                             2774     2774       10         0
                text11                             1278     1278      1B4         0
                text10                             2794     2794        C         0
                text9                              272E     272E       18         0
                text8                              2246     2246       62         0
                text7                              25A0     25A0       38         0
                text6                              1D70     1D70       E6         0
                text5                              2566     2566       3A         0
                text4                              217A     217A       66         0
                text3                              26CC     26CC       22         0
                text2                              2684     2684       24         0
                text1                              25D8     25D8       32         0
                text0                              2406     2406       54         0
                cinit                              2526     2526       40         0
                idataCOMRAM                        27A8     27A8        4         0

        CLASS   CONST          

        CLASS   SMALLCONST     

        CLASS   MEDIUMCONST    
                mediumconst                        FEA2     FEA2      15E         0

        CLASS   COMRAM         
                temp                                 67       67        1         1
                cstackCOMRAM                          1        1       5D         1
                dataCOMRAM                           62       62        4         1
                bssCOMRAM                            5E       5E        4         1
                bitbssCOMRAM                        330       66        3         1

        CLASS   ABS1           

        CLASS   BIGRAM         

        CLASS   RAM            

        CLASS   BANK0          
                cstackBANK0                          80       80       4A         1
                bssBANK0                             CA       CA       23         1

        CLASS   BANK1          
                cstackBANK1                         100      100       1D         1

        CLASS   BANK2          

        CLASS   BANK3          

        CLASS   BANK4          

        CLASS   BANK5          

        CLASS   BANK6          

        CLASS   BANK7          

        CLASS   BANK8          

        CLASS   BANK9          

        CLASS   BANK10         

        CLASS   BANK11         

        CLASS   BANK12         

        CLASS   BANK13         

        CLASS   BANK14         

        CLASS   BANK15         

        CLASS   SFR            

        CLASS   FARRAM         

        CLASS   CONFIG         
                config                           300000   300000        E         0

        CLASS   IDLOC          
                idloc                            200000   200000        8         0

        CLASS   EEDATA         



SEGMENTS        Name                           Load    Length   Top    Selector   Space  Class

                reset_vec                      000000  000004  000004         0       0  CODE    
                cstackCOMRAM                   000001  000067  000068         1       1  COMRAM  
                intcode                        000008  0027A4  0027AC         4       0  CODE    
                cstackBANK0                    000080  00006D  0000ED        80       1  BANK0   
                cstackBANK1                    000100  00001D  00011D       100       1  BANK1   
                mediumconst                    00FEA2  00015E  010000      7F51       0  MEDIUMCO
                idloc                          200000  000008  200008    200000       0  IDLOC   
                config                         300000  00000E  30000E    300000       0  CONFIG  


UNUSED ADDRESS RANGES

        Name                Unused          Largest block    Delta
        BANK0            0000ED-0000FF               13
        BANK1            00011D-0001FF               E3
        BANK10           000A00-000AFF              100
        BANK11           000B00-000BFF              100
        BANK12           000C00-000CFF              100
        BANK13           000D00-000DFF              100
        BANK14           000E00-000EFF              100
        BANK15           000F00-000F7F               80
        BANK2            000200-0002FF              100
        BANK3            000300-0003FF              100
        BANK4            000400-0004FF              100
        BANK5            000500-0005FF              100
        BANK6            000600-0006FF              100
        BANK7            000700-0007FF              100
        BANK8            000800-0008FF              100
        BANK9            000900-0009FF              100
        BIGRAM           000068-00007F               18
                         0000ED-0000FF               13
                         00011D-000F7F              E63
        CODE             000004-000007                4
                         0027AC-00FEA1             D6F6
        COMRAM           000068-00007F               18
        CONST            000004-000007                4
                         0027AC-00FEA1             D6F6
        EEDATA           F00000-F003FF              400
        MEDIUMCONST      0027AC-00FEA1             D6F6
        RAM              0000ED-0000FF               13
                         00011D-000F7F              100
        SFR              000F80-000FFF               80
        SMALLCONST       0027AC-00FEA1              100
        STACK            00011D-000F7F              E63

                                  Symbol Table

?___awdiv                     cstackCOMRAM 00001F
?___awmod                     cstackCOMRAM 000019
?___awtoft                    cstackCOMRAM 00002D
?___ftadd                     cstackBANK0  000087
?___ftdiv                     cstackCOMRAM 000031
?___ftmul                     cstackCOMRAM 000049
?___ftneg                     cstackCOMRAM 000019
?___ftpack                    cstackCOMRAM 000019
?___ftsub                     cstackBANK0  000090
?___fttol                     cstackBANK0  000084
?___lldiv                     cstackCOMRAM 000019
?___llmod                     cstackCOMRAM 000026
?___lltoft                    cstackCOMRAM 000021
?___wmul                      cstackCOMRAM 000027
?__div_to_l_                  cstackCOMRAM 000019
?__tdiv_to_l_                 cstackCOMRAM 000019
?_fround                      cstackCOMRAM 000058
?_read_adc_raw_no_lib         cstackCOMRAM 000019
?_read_adc_voltage            cstackCOMRAM 000040
?_scale                       cstackCOMRAM 000058
?_sprintf                     cstackBANK0  000096
?i2___awmod                   cstackCOMRAM 000001
_ADCON0                       (abs)        000FC2
_ADCON0bits                   (abs)        000FC2
_ADCON1                       (abs)        000FC1
_ADCON2                       (abs)        000FC0
_ADRESH                       (abs)        000FC4
_ADRESL                       (abs)        000FC3
_BAUDCONbits                  (abs)        000FB8
_Buffer                       bssBANK0     0000CD
_GIE                          (abs)        007F97
_INT0IF                       (abs)        007F91
_INT1IF                       (abs)        007F80
_INT2IF                       (abs)        007F81
_ISR                          intcode      000008
_LATC                         (abs)        000F8B
_LATD                         (abs)        000F8C
_LATE                         (abs)        000F8D
_LCD_INIT_STRING              dataCOMRAM   000062
_PEIE                         (abs)        007F96
_PIR1bits                     (abs)        000F9E
_PORTEbits                    (abs)        000F84
_RB3                          (abs)        007C0B
_RB4                          (abs)        007C0C
_RB5                          (abs)        007C0D
_RC2                          (abs)        007C12
_RC5                          (abs)        007C15
_RCREG                        (abs)        000FAE
_RCSTA                        (abs)        000FAB
_RCSTAbits                    (abs)        000FAB
_SPBRG                        (abs)        000FAF
_SPBRGH                       (abs)        000FB0
_T0CON                        (abs)        000FD5
_TMR0                         (abs)        000FD6
_TMR0IE                       (abs)        007F95
_TMR0IF                       (abs)        007F92
_TRISA                        (abs)        000F92
_TRISB                        (abs)        000F93
_TRISC                        (abs)        000F94
_TRISD                        (abs)        000F95
_TRISE                        (abs)        000F96
_TXREG                        (abs)        000FAD
_TXSTA                        (abs)        000FAC
_TXSTAbits                    (abs)        000FAC
__CFG_BOREN$SBORDIS           (abs)        000000
__CFG_BORV$3                  (abs)        000000
__CFG_CCP2MX$PORTC            (abs)        000000
__CFG_CP0$OFF                 (abs)        000000
__CFG_CP1$OFF                 (abs)        000000
__CFG_CP2$OFF                 (abs)        000000
__CFG_CP3$OFF                 (abs)        000000
__CFG_CPB$OFF                 (abs)        000000
__CFG_CPD$OFF                 (abs)        000000
__CFG_EBTR0$OFF               (abs)        000000
__CFG_EBTR1$OFF               (abs)        000000
__CFG_EBTR2$OFF               (abs)        000000
__CFG_EBTR3$OFF               (abs)        000000
__CFG_EBTRB$OFF               (abs)        000000
__CFG_FCMEN$OFF               (abs)        000000
__CFG_IESO$OFF                (abs)        000000
__CFG_LPT1OSC$OFF             (abs)        000000
__CFG_LVP$ON                  (abs)        000000
__CFG_MCLRE$ON                (abs)        000000
__CFG_OSC$XT                  (abs)        000000
__CFG_PBADEN$ON               (abs)        000000
__CFG_PWRT$OFF                (abs)        000000
__CFG_STVREN$ON               (abs)        000000
__CFG_WDT$ON                  (abs)        000000
__CFG_WDTPS$32768             (abs)        000000
__CFG_WRT0$OFF                (abs)        000000
__CFG_WRT1$OFF                (abs)        000000
__CFG_WRT2$OFF                (abs)        000000
__CFG_WRT3$OFF                (abs)        000000
__CFG_WRTB$OFF                (abs)        000000
__CFG_WRTC$OFF                (abs)        000000
__CFG_WRTD$OFF                (abs)        000000
__CFG_XINST$OFF               (abs)        000000
__HRAM                        (abs)        000000
__Habs1                       abs1         000000
__Hbank0                      bank0        000000
__Hbank1                      bank1        000000
__Hbank10                     bank10       000000
__Hbank11                     bank11       000000
__Hbank12                     bank12       000000
__Hbank13                     bank13       000000
__Hbank14                     bank14       000000
__Hbank15                     bank15       000000
__Hbank2                      bank2        000000
__Hbank3                      bank3        000000
__Hbank4                      bank4        000000
__Hbank5                      bank5        000000
__Hbank6                      bank6        000000
__Hbank7                      bank7        000000
__Hbank8                      bank8        000000
__Hbank9                      bank9        000000
__Hbigbss                     bigbss       000000
__Hbigdata                    bigdata      000000
__Hbigram                     bigram       000000
__HbitbssCOMRAM               bitbssCOMRAM 000000
__Hbss                        bss          000000
__HbssBANK0                   bssBANK0     000000
__HbssCOMRAM                  bssCOMRAM    000000
__Hcinit                      cinit        000000
__Hclrtext                    clrtext      000000
__Hcomram                     comram       000000
__Hconfig                     config       30000E
__Hconst                      const        000000
__HcstackBANK0                cstackBANK0  000000
__HcstackBANK1                cstackBANK1  000000
__HcstackCOMRAM               cstackCOMRAM 000000
__Hdata                       data         000000
__HdataCOMRAM                 dataCOMRAM   000000
__Heeprom_data                eeprom_data  000000
__Hfarbss                     farbss       000000
__Hfardata                    fardata      000000
__Hibigdata                   ibigdata     000000
__Hidata                      idata        000000
__HidataCOMRAM                idataCOMRAM  000000
__Hidloc                      idloc        200008
__Hifardata                   ifardata     000000
__Hinit                       init         000012
__Hintcode                    intcode      00000E
__Hintcode_body               intcode_body 000000
__Hintcodelo                  intcodelo    00000E
__Hintentry                   intentry     000000
__Hintret                     intret       000000
__Hintsave_regs               intsave_regs 000000
__Hirdata                     irdata       000000
__Hmediumconst                mediumconst  010000
__HnvFARRAM                   nvFARRAM     000000
__Hnvbit                      nvbit        000000
__Hnvrram                     nvrram       000000
__Hparam                      rparam       000000
__Hpowerup                    powerup      00000E
__Hram                        ram          000000
__Hramtop                     ramtop       001000
__Hrbit                       rbit         000000
__Hrbss                       rbss         000000
__Hrdata                      rdata        000000
__Hreset_vec                  reset_vec    000004
__Hrparam                     rparam       000000
__Hsfr                        sfr          000000
__Hsmallconst                 smallconst   000000
__Hspace_0                    (abs)        30000E
__Hspace_1                    (abs)        000333
__Hspace_2                    (abs)        000000
__Hstack                      stack        000000
__Hstruct                     struct       000000
__Htemp                       temp         000068
__Htext                       text         000000
__Htext0                      text0        000000
__Htext1                      text1        000000
__Htext10                     text10       000000
__Htext11                     text11       000000
__Htext12                     text12       000000
__Htext13                     text13       000000
__Htext14                     text14       000000
__Htext15                     text15       000000
__Htext16                     text16       000000
__Htext17                     text17       000000
__Htext18                     text18       000000
__Htext19                     text19       000000
__Htext2                      text2        000000
__Htext20                     text20       000000
__Htext21                     text21       000000
__Htext22                     text22       000000
__Htext23                     text23       000000
__Htext24                     text24       000000
__Htext25                     text25       000000
__Htext26                     text26       000000
__Htext27                     text27       000000
__Htext28                     text28       000000
__Htext29                     text29       000000
__Htext3                      text3        000000
__Htext30                     text30       000000
__Htext31                     text31       000000
__Htext32                     text32       000000
__Htext33                     text33       000000
__Htext34                     text34       000000
__Htext35                     text35       000000
__Htext36                     text36       000000
__Htext37                     text37       000000
__Htext38                     text38       000000
__Htext39                     text39       000000
__Htext4                      text4        000000
__Htext40                     text40       000000
__Htext41                     text41       000000
__Htext42                     text42       000000
__Htext43                     text43       000000
__Htext44                     text44       000000
__Htext46                     text46       000000
__Htext47                     text47       000000
__Htext5                      text5        000000
__Htext6                      text6        000000
__Htext7                      text7        000000
__Htext8                      text8        000000
__Htext9                      text9        000000
__LRAM                        (abs)        000001
__Labs1                       abs1         000000
__Lbank0                      bank0        000000
__Lbank1                      bank1        000000
__Lbank10                     bank10       000000
__Lbank11                     bank11       000000
__Lbank12                     bank12       000000
__Lbank13                     bank13       000000
__Lbank14                     bank14       000000
__Lbank15                     bank15       000000
__Lbank2                      bank2        000000
__Lbank3                      bank3        000000
__Lbank4                      bank4        000000
__Lbank5                      bank5        000000
__Lbank6                      bank6        000000
__Lbank7                      bank7        000000
__Lbank8                      bank8        000000
__Lbank9                      bank9        000000
__Lbigbss                     bigbss       000000
__Lbigdata                    bigdata      000000
__Lbigram                     bigram       000000
__LbitbssCOMRAM               bitbssCOMRAM 000000
__Lbss                        bss          000000
__LbssBANK0                   bssBANK0     000000
__LbssCOMRAM                  bssCOMRAM    000000
__Lcinit                      cinit        000000
__Lclrtext                    clrtext      000000
__Lcomram                     comram       000000
__Lconfig                     config       300000
__Lconst                      const        000000
__LcstackBANK0                cstackBANK0  000000
__LcstackBANK1                cstackBANK1  000000
__LcstackCOMRAM               cstackCOMRAM 000000
__Ldata                       data         000000
__LdataCOMRAM                 dataCOMRAM   000000
__Leeprom_data                eeprom_data  000000
__Lfarbss                     farbss       000000
__Lfardata                    fardata      000000
__Libigdata                   ibigdata     000000
__Lidata                      idata        000000
__LidataCOMRAM                idataCOMRAM  000000
__Lidloc                      idloc        200000
__Lifardata                   ifardata     000000
__Linit                       init         00000E
__Lintcode                    intcode      000008
__Lintcode_body               intcode_body 000000
__Lintcodelo                  intcodelo    00000E
__Lintentry                   intentry     000000
__Lintret                     intret       000000
__Lintsave_regs               intsave_regs 000000
__Lirdata                     irdata       000000
__Lmediumconst                mediumconst  00FEA2
__LnvFARRAM                   nvFARRAM     000000
__Lnvbit                      nvbit        000000
__Lnvrram                     nvrram       000000
__Lparam                      rparam       000000
__Lpowerup                    powerup      00000E
__Lram                        ram          000000
__Lramtop                     ramtop       001000
__Lrbit                       rbit         000000
__Lrbss                       rbss         000000
__Lrdata                      rdata        000000
__Lreset_vec                  reset_vec    000000
__Lrparam                     rparam       000000
__Lsfr                        sfr          000000
__Lsmallconst                 smallconst   000000
__Lspace_0                    (abs)        000000
__Lspace_1                    (abs)        000000
__Lspace_2                    (abs)        000000
__Lstack                      stack        000000
__Lstruct                     struct       000000
__Ltemp                       temp         000067
__Ltext                       text         000000
__Ltext0                      text0        000000
__Ltext1                      text1        000000
__Ltext10                     text10       000000
__Ltext11                     text11       000000
__Ltext12                     text12       000000
__Ltext13                     text13       000000
__Ltext14                     text14       000000
__Ltext15                     text15       000000
__Ltext16                     text16       000000
__Ltext17                     text17       000000
__Ltext18                     text18       000000
__Ltext19                     text19       000000
__Ltext2                      text2        000000
__Ltext20                     text20       000000
__Ltext21                     text21       000000
__Ltext22                     text22       000000
__Ltext23                     text23       000000
__Ltext24                     text24       000000
__Ltext25                     text25       000000
__Ltext26                     text26       000000
__Ltext27                     text27       000000
__Ltext28                     text28       000000
__Ltext29                     text29       000000
__Ltext3                      text3        000000
__Ltext30                     text30       000000
__Ltext31                     text31       000000
__Ltext32                     text32       000000
__Ltext33                     text33       000000
__Ltext34                     text34       000000
__Ltext35                     text35       000000
__Ltext36                     text36       000000
__Ltext37                     text37       000000
__Ltext38                     text38       000000
__Ltext39                     text39       000000
__Ltext4                      text4        000000
__Ltext40                     text40       000000
__Ltext41                     text41       000000
__Ltext42                     text42       000000
__Ltext43                     text43       000000
__Ltext44                     text44       000000
__Ltext46                     text46       000000
__Ltext47                     text47       000000
__Ltext5                      text5        000000
__Ltext6                      text6        000000
__Ltext7                      text7        000000
__Ltext8                      text8        000000
__Ltext9                      text9        000000
__S0                          (abs)        30000E
__S1                          (abs)        00011D
__S2                          (abs)        000000
___awdiv                      text26       001F94
___awdiv@counter              cstackCOMRAM 000023
___awdiv@dividend             cstackCOMRAM 00001F
___awdiv@divisor              cstackCOMRAM 000021
___awdiv@quotient             cstackCOMRAM 000025
___awdiv@sign                 cstackCOMRAM 000024
___awmod                      text25       00209A
___awmod@counter              cstackCOMRAM 00001D
___awmod@dividend             cstackCOMRAM 000019
___awmod@divisor              cstackCOMRAM 00001B
___awmod@sign                 cstackCOMRAM 00001E
___awtoft                     text7        0025A0
___awtoft@c                   cstackCOMRAM 00002D
___awtoft@sign                cstackCOMRAM 000030
___ftadd                      text34       00142C
___ftadd@exp1                 cstackBANK0  00008F
___ftadd@exp2                 cstackBANK0  00008E
___ftadd@f1                   cstackBANK0  000087
___ftadd@f2                   cstackBANK0  00008A
___ftadd@sign                 cstackBANK0  00008D
___ftdiv                      text6        001D70
___ftdiv@cntr                 cstackCOMRAM 00003A
___ftdiv@exp                  cstackCOMRAM 00003E
___ftdiv@f1                   cstackCOMRAM 000031
___ftdiv@f2                   cstackCOMRAM 000034
___ftdiv@f3                   cstackCOMRAM 00003B
___ftdiv@sign                 cstackCOMRAM 00003F
___ftge                       text37       001F04
___ftge@ff1                   cstackCOMRAM 000019
___ftge@ff2                   cstackCOMRAM 00001C
___ftmul                      text24       001C7C
___ftmul@cntr                 cstackCOMRAM 000056
___ftmul@exp                  cstackCOMRAM 000052
___ftmul@f1                   cstackCOMRAM 000049
___ftmul@f2                   cstackCOMRAM 00004C
___ftmul@f3_as_product        cstackCOMRAM 000053
___ftmul@sign                 cstackCOMRAM 000057
___ftneg                      text36       0026A8
___ftneg@f1                   cstackCOMRAM 000019
___ftpack                     text35       001E56
___ftpack@arg                 cstackCOMRAM 000019
___ftpack@exp                 cstackCOMRAM 00001C
___ftpack@sign                cstackCOMRAM 00001D
___ftsub                      text33       0024A2
___ftsub@f1                   cstackBANK0  000090
___ftsub@f2                   cstackBANK0  000093
___fttol                      text32       001B84
___fttol@exp1                 cstackBANK0  000092
___fttol@f1                   cstackBANK0  000084
___fttol@lval                 cstackBANK0  00008E
___fttol@sign1                cstackBANK0  00008D
___inthi_sp                   stack        000000
___intlo_sp                   stack        000000
___lldiv                      text31       002018
___lldiv@counter              cstackCOMRAM 000025
___lldiv@dividend             cstackCOMRAM 000019
___lldiv@divisor              cstackCOMRAM 00001D
___lldiv@quotient             cstackCOMRAM 000021
___llmod                      text30       0021E0
___llmod@counter              cstackCOMRAM 00002E
___llmod@dividend             cstackCOMRAM 000026
___llmod@divisor              cstackCOMRAM 00002A
___lltoft                     text29       0022A8
___lltoft@c                   cstackCOMRAM 000021
___lltoft@exp                 cstackCOMRAM 000029
___param_bank                 (abs)        000000
___rparam_used                (abs)        000001
___sp                         stack        000000
___wmul                       text23       002638
___wmul@multiplicand          cstackCOMRAM 000029
___wmul@multiplier            cstackCOMRAM 000027
___wmul@product               cstackCOMRAM 00002B
__accesstop                   (abs)        000080
__activetblptr                (abs)        000003
__div_to_l_                   text28       00170C
__div_to_l_@cntr              cstackCOMRAM 000023
__div_to_l_@exp1              cstackCOMRAM 000024
__div_to_l_@f1                cstackCOMRAM 000019
__div_to_l_@f2                cstackCOMRAM 00001C
__div_to_l_@quot              cstackCOMRAM 00001F
__end_of_ISR                  intcode_body 001B84
__end_of___awdiv              text26       002018
__end_of___awmod              text25       00210A
__end_of___awtoft             text7        0025D8
__end_of___ftadd              text34       0015DA
__end_of___ftdiv              text6        001E56
__end_of___ftge               text37       001F94
__end_of___ftmul              text24       001D70
__end_of___ftneg              text36       0026CC
__end_of___ftpack             text35       001F04
__end_of___ftsub              text33       0024E4
__end_of___fttol              text32       001C7C
__end_of___lldiv              text31       00209A
__end_of___llmod              text30       002246
__end_of___lltoft             text29       002304
__end_of___wmul               text23       00265E
__end_of__div_to_l_           text28       001834
__end_of__initialization      cinit        00255C
__end_of__npowers_            mediumconst  00FF19
__end_of__powers_             mediumconst  00FEF2
__end_of__tdiv_to_l_          text27       00170C
__end_of_delay_cycles         text43       002638
__end_of_delay_ms             text44       002684
__end_of_display_lcd          text18       001A76
__end_of_dpowers              mediumconst  00FECB
__end_of_fround               text22       001278
__end_of_handle_buttons       text17       001956
__end_of_handle_uart          text11       00142C
__end_of_init_adc_no_lib      text10       0027A0
__end_of_init_timer0          text9        002746
__end_of_is_byte_available    text14       00275E
__end_of_isdigit              text21       00272E
__end_of_lcd_gotoxy           text40       002526
__end_of_lcd_init             text8        0022A8
__end_of_lcd_putc             text39       002406
__end_of_lcd_puts             text38       0023B0
__end_of_lcd_send_byte        text41       0024A2
__end_of_lcd_send_nibble      text42       002710
__end_of_main                 text0        00245A
__end_of_read_adc_raw_no_lib  text5        0025A0
__end_of_read_adc_voltage     text4        0021E0
__end_of_read_byte_no_lib     text13       0027A8
__end_of_scale                text20       000FFA
__end_of_send_byte_no_lib     text16       002794
__end_of_send_string_no_lib   text15       00235A
__end_of_setupPorts           text3        0026EE
__end_of_setupSerial          text2        0026A8
__end_of_sprintf              text19       000B92
__end_of_toggle_cooler        text47       002774
__end_of_toggle_heater        text1        00260A
__end_of_wait_for_byte        text12       002784
__end_ofi2___awmod            text46       00217A
__initialization              cinit        002526
__mediumconst                 mediumconst  00FEA2
__npowers_                    mediumconst  00FEF2
__pbitbssCOMRAM               bitbssCOMRAM 000330
__pbssBANK0                   bssBANK0     0000CA
__pbssCOMRAM                  bssCOMRAM    00005E
__pcinit                      cinit        002526
__pcstackBANK0                cstackBANK0  000080
__pcstackBANK1                cstackBANK1  000100
__pcstackCOMRAM               cstackCOMRAM 000001
__pdataCOMRAM                 dataCOMRAM   000062
__pidataCOMRAM                idataCOMRAM  0027A8
__pintcode                    intcode      000008
__pintcode_body               intcode_body 001A76
__pmediumconst                mediumconst  00FEA2
__powers_                     mediumconst  00FECB
__ptext0                      text0        002406
__ptext1                      text1        0025D8
__ptext10                     text10       002794
__ptext11                     text11       001278
__ptext12                     text12       002774
__ptext13                     text13       0027A0
__ptext14                     text14       002746
__ptext15                     text15       002304
__ptext16                     text16       002784
__ptext17                     text17       001834
__ptext18                     text18       001956
__ptext19                     text19       000012
__ptext2                      text2        002684
__ptext20                     text20       000B92
__ptext21                     text21       002710
__ptext22                     text22       000FFA
__ptext23                     text23       002638
__ptext24                     text24       001C7C
__ptext25                     text25       00209A
__ptext26                     text26       001F94
__ptext27                     text27       0015DA
__ptext28                     text28       00170C
__ptext29                     text29       0022A8
__ptext3                      text3        0026CC
__ptext30                     text30       0021E0
__ptext31                     text31       002018
__ptext32                     text32       001B84
__ptext33                     text33       0024A2
__ptext34                     text34       00142C
__ptext35                     text35       001E56
__ptext36                     text36       0026A8
__ptext37                     text37       001F04
__ptext38                     text38       00235A
__ptext39                     text39       0023B0
__ptext4                      text4        00217A
__ptext40                     text40       0024E4
__ptext41                     text41       00245A
__ptext42                     text42       0026EE
__ptext43                     text43       00260A
__ptext44                     text44       00265E
__ptext46                     text46       00210A
__ptext47                     text47       00275E
__ptext5                      text5        002566
__ptext6                      text6        001D70
__ptext7                      text7        0025A0
__ptext8                      text8        002246
__ptext9                      text9        00272E
__ramtop                      ramtop       001000
__size_of_ISR                 (abs)        000000
__size_of___awdiv             (abs)        000000
__size_of___awmod             (abs)        000000
__size_of___awtoft            (abs)        000000
__size_of___ftadd             (abs)        000000
__size_of___ftdiv             (abs)        000000
__size_of___ftge              (abs)        000000
__size_of___ftmul             (abs)        000000
__size_of___ftneg             (abs)        000000
__size_of___ftpack            (abs)        000000
__size_of___ftsub             (abs)        000000
__size_of___fttol             (abs)        000000
__size_of___lldiv             (abs)        000000
__size_of___llmod             (abs)        000000
__size_of___lltoft            (abs)        000000
__size_of___wmul              (abs)        000000
__size_of__div_to_l_          (abs)        000000
__size_of__tdiv_to_l_         (abs)        000000
__size_of_delay_cycles        (abs)        000000
__size_of_delay_ms            (abs)        000000
__size_of_display_lcd         (abs)        000000
__size_of_fround              (abs)        000000
__size_of_handle_buttons      (abs)        000000
__size_of_handle_uart         (abs)        000000
__size_of_init_adc_no_lib     (abs)        000000
__size_of_init_timer0         (abs)        000000
__size_of_is_byte_available   (abs)        000000
__size_of_isdigit             (abs)        000000
__size_of_lcd_gotoxy          (abs)        000000
__size_of_lcd_init            (abs)        000000
__size_of_lcd_putc            (abs)        000000
__size_of_lcd_puts            (abs)        000000
__size_of_lcd_send_byte       (abs)        000000
__size_of_lcd_send_nibble     (abs)        000000
__size_of_main                (abs)        000000
__size_of_read_adc_raw_no_lib (abs)        000000
__size_of_read_adc_voltage    (abs)        000000
__size_of_read_byte_no_lib    (abs)        000000
__size_of_scale               (abs)        000000
__size_of_send_byte_no_lib    (abs)        000000
__size_of_send_string_no_lib  (abs)        000000
__size_of_setupPorts          (abs)        000000
__size_of_setupSerial         (abs)        000000
__size_of_sprintf             (abs)        000000
__size_of_toggle_cooler       (abs)        000000
__size_of_toggle_heater       (abs)        000000
__size_of_wait_for_byte       (abs)        000000
__size_ofi2___awmod           (abs)        000000
__smallconst                  smallconst   000000
__tdiv_to_l_                  text27       0015DA
__tdiv_to_l_@cntr             cstackCOMRAM 000026
__tdiv_to_l_@exp1             cstackCOMRAM 000027
__tdiv_to_l_@f1               cstackCOMRAM 000019
__tdiv_to_l_@f2               cstackCOMRAM 00001C
__tdiv_to_l_@quot             cstackCOMRAM 000022
_clockMode                    bitbssCOMRAM 000332
_cooler_status                bitbssCOMRAM 000330
_delay_cycles                 text43       00260A
_delay_ms                     text44       00265E
_display_lcd                  text18       001956
_display_lcd$170              cstackBANK0  0000C6
_display_lcd$171              cstackBANK0  0000C8
_dpowers                      mediumconst  00FEA3
_fround                       text22       000FFA
_fround$1287                  cstackBANK0  000083
_fround$1288                  cstackBANK0  000080
_handle_buttons               text17       001834
_handle_buttons$158           cstackCOMRAM 000021
_handle_buttons$159           cstackCOMRAM 000023
_handle_buttons$160           cstackCOMRAM 000025
_handle_uart                  text11       001278
_handle_uart$142              cstackBANK1  000119
_handle_uart$143              cstackBANK1  00011B
_heater_status                bitbssCOMRAM 000331
_hours                        bssCOMRAM    00005F
_init_adc_no_lib              text10       002794
_init_timer0                  text9        00272E
_is_byte_available            text14       002746
_isdigit                      text21       002710
_isdigit$923                  cstackCOMRAM 00001A
_lcd                          (abs)        000F83
_lcd_gotoxy                   text40       0024E4
_lcd_init                     text8        002246
_lcd_putc                     text39       0023B0
_lcd_puts                     text38       00235A
_lcd_send_byte                text41       00245A
_lcd_send_nibble              text42       0026EE
_main                         text0        002406
_minutes                      bssCOMRAM    000060
_read_adc_raw_no_lib          text5        002566
_read_adc_voltage             text4        00217A
_read_byte_no_lib             text13       0027A0
_scale                        text20       000B92
_scale$1289                   cstackBANK0  000080
_seconds                      bssCOMRAM    000061
_send_byte_no_lib             text16       002784
_send_string_no_lib           text15       002304
_setupPorts                   text3        0026CC
_setupSelect                  bssCOMRAM    00005E
_setupSerial                  text2        002684
_sprintf                      text19       000012
_sprintf$1290                 cstackBANK0  0000A9
_temperature                  bssBANK0     0000CA
_toggle_cooler                text47       00275E
_toggle_heater                text1        0025D8
_wait_for_byte                text12       002774
btemp                         temp         000067
delay_cycles@n                cstackCOMRAM 00001C
delay_cycles@x                cstackCOMRAM 00001D
delay_ms@n                    cstackCOMRAM 000019
delay_ms@x                    cstackCOMRAM 00001B
end_of_initialization         cinit        00255C
fround@prec                   cstackBANK0  000086
handle_uart@buffer            cstackBANK1  000102
handle_uart@c1                cstackBANK1  000100
handle_uart@c2                cstackBANK1  000101
handle_uart@cmd               cstackBANK1  000112
handle_uart@h1                cstackBANK1  000113
handle_uart@h2                cstackBANK1  000114
handle_uart@m1                cstackBANK1  000115
handle_uart@m2                cstackBANK1  000116
handle_uart@s1                cstackBANK1  000117
handle_uart@s2                cstackBANK1  000118
i2___awmod                    text46       00210A
i2___awmod@counter            cstackCOMRAM 000005
i2___awmod@dividend           cstackCOMRAM 000001
i2___awmod@divisor            cstackCOMRAM 000003
i2___awmod@sign               cstackCOMRAM 000006
int$flags                     temp         000067
int_func                      intcode_body 001A76
intlevel0                     text         000000
intlevel1                     text         000000
intlevel2                     text         000000
intlevel3                     text         000000
isdigit@c                     cstackCOMRAM 00001B
lcd_gotoxy@address            cstackCOMRAM 000025
lcd_gotoxy@x                  cstackCOMRAM 000024
lcd_gotoxy@y                  cstackCOMRAM 000023
lcd_init@i                    cstackCOMRAM 000023
lcd_putc@c                    cstackCOMRAM 000026
lcd_puts@s                    cstackCOMRAM 000027
lcd_send_byte@cm_data         cstackCOMRAM 000022
lcd_send_byte@n               cstackCOMRAM 000021
lcd_send_nibble@n             cstackCOMRAM 000020
read_adc_raw_no_lib@channel   cstackCOMRAM 00001F
read_adc_raw_no_lib@raw_value cstackCOMRAM 00001D
read_adc_voltage@channel      cstackCOMRAM 000046
read_adc_voltage@raw_value    cstackCOMRAM 000047
read_adc_voltage@voltage      cstackCOMRAM 000043
read_byte_no_lib@c            cstackCOMRAM 000019
scale@scl                     cstackBANK0  000083
send_byte_no_lib@c            cstackCOMRAM 000019
send_string_no_lib@p          cstackCOMRAM 00001A
setupSerial@dummy             cstackCOMRAM 000019
sprintf@ap                    cstackBANK0  0000AE
sprintf@c                     cstackBANK0  0000C5
sprintf@cp                    cstackBANK0  0000AC
sprintf@exp                   cstackBANK0  0000BA
sprintf@f                     cstackBANK0  000098
sprintf@flag                  cstackBANK0  0000BC
sprintf@fval                  cstackBANK0  0000BE
sprintf@len                   cstackBANK0  0000B0
sprintf@prec                  cstackBANK0  0000C3
sprintf@sp                    cstackBANK0  000096
sprintf@tmpval                cstackBANK0  0000B6
sprintf@val                   cstackBANK0  0000B2
sprintf@width                 cstackBANK0  0000C1
stackhi                       (abs)        000F7F
stacklo                       (abs)        00011D
start                         init         00000E
start_initialization          cinit        002526
wtemp6                        temp         000068


FUNCTION INFORMATION:

 *************** function _main *****************
 Defined at:
		line 342 in file "HM1.c"
 Parameters:    Size  Location     Type
		None
 Auto vars:     Size  Location     Type
		None
 Return value:  Size  Location     Type
                  1    wreg      void 
 Registers used:
		wreg, fsr2l, fsr2h, status,2, status,0, tblptrl, tblptrh, tblptru, prodl, prodh, cstack
 Tracked objects:
		On entry : 
		On exit  : 
		Unchanged: 
 Data sizes:     COMRAM   BANK0   BANK1   BANK2   BANK3   BANK4   BANK5   BANK6   BANK7   BANK8   BANK9  BANK10  BANK11  BANK12  BANK13  BANK14  BANK15
      Params:         0       0       0       0       0       0       0       0       0       0       0       0       0       0       0       0       0
      Locals:         0       0       0       0       0       0       0       0       0       0       0       0       0       0       0       0       0
      Temps:          0       0       0       0       0       0       0       0       0       0       0       0       0       0       0       0       0
      Totals:         0       0       0       0       0       0       0       0       0       0       0       0       0       0       0       0       0
Total ram usage:        0 bytes
 Hardware stack levels required when called:    9
 This function calls:
		___ftmul
		_display_lcd
		_handle_buttons
		_handle_uart
		_init_adc_no_lib
		_init_timer0
		_lcd_init
		_read_adc_voltage
		_setupPorts
		_setupSerial
		_toggle_heater
 This function is called by:
		Startup code after reset
 This function uses a non-reentrant model


 *************** function _toggle_heater *****************
 Defined at:
		line 276 in file "HM1.c"
 Parameters:    Size  Location     Type
		None
 Auto vars:     Size  Location     Type
		None
 Return value:  Size  Location     Type
                  1    wreg      void 
 Registers used:
		wreg
 Tracked objects:
		On entry : 
		On exit  : 
		Unchanged: 
 Data sizes:     COMRAM   BANK0   BANK1   BANK2   BANK3   BANK4   BANK5   BANK6   BANK7   BANK8   BANK9  BANK10  BANK11  BANK12  BANK13  BANK14  BANK15
      Params:         0       0       0       0       0       0       0       0       0       0       0       0       0       0       0       0       0
      Locals:         0       0       0       0       0       0       0       0       0       0       0       0       0       0       0       0       0
      Temps:          2       0       0       0       0       0       0       0       0       0       0       0       0       0       0       0       0
      Totals:         2       0       0       0       0       0       0       0       0       0       0       0       0       0       0       0       0
Total ram usage:        2 bytes
 Hardware stack levels used:    1
 Hardware stack levels required when called:    2
 This function calls:
		Nothing
 This function is called by:
		_main
 This function uses a non-reentrant model


 *************** function _setupSerial *****************
 Defined at:
		line 3 in file "my_ser.c"
 Parameters:    Size  Location     Type
		None
 Auto vars:     Size  Location     Type
  dummy           1   24[COMRAM] unsigned char 
 Return value:  Size  Location     Type
                  1    wreg      void 
 Registers used:
		wreg, status,2
 Tracked objects:
		On entry : 
		On exit  : 
		Unchanged: 
 Data sizes:     COMRAM   BANK0   BANK1   BANK2   BANK3   BANK4   BANK5   BANK6   BANK7   BANK8   BANK9  BANK10  BANK11  BANK12  BANK13  BANK14  BANK15
      Params:         0       0       0       0       0       0       0       0       0       0       0       0       0       0       0       0       0
      Locals:         1       0       0       0       0       0       0       0       0       0       0       0       0       0       0       0       0
      Temps:          0       0       0       0       0       0       0       0       0       0       0       0       0       0       0       0       0
      Totals:         1       0       0       0       0       0       0       0       0       0       0       0       0       0       0       0       0
Total ram usage:        1 bytes
 Hardware stack levels used:    1
 Hardware stack levels required when called:    2
 This function calls:
		Nothing
 This function is called by:
		_main
 This function uses a non-reentrant model


 *************** function _setupPorts *****************
 Defined at:
		line 162 in file "HM1.c"
 Parameters:    Size  Location     Type
		None
 Auto vars:     Size  Location     Type
		None
 Return value:  Size  Location     Type
                  1    wreg      void 
 Registers used:
		wreg, status,2
 Tracked objects:
		On entry : 
		On exit  : 
		Unchanged: 
 Data sizes:     COMRAM   BANK0   BANK1   BANK2   BANK3   BANK4   BANK5   BANK6   BANK7   BANK8   BANK9  BANK10  BANK11  BANK12  BANK13  BANK14  BANK15
      Params:         0       0       0       0       0       0       0       0       0       0       0       0       0       0       0       0       0
      Locals:         0       0       0       0       0       0       0       0       0       0       0       0       0       0       0       0       0
      Temps:          0       0       0       0       0       0       0       0       0       0       0       0       0       0       0       0       0
      Totals:         0       0       0       0       0       0       0       0       0       0       0       0       0       0       0       0       0
Total ram usage:        0 bytes
 Hardware stack levels used:    1
 Hardware stack levels required when called:    2
 This function calls:
		Nothing
 This function is called by:
		_main
 This function uses a non-reentrant model


 *************** function _read_adc_voltage *****************
 Defined at:
		line 49 in file "my_adc.c"
 Parameters:    Size  Location     Type
  channel         1    wreg     unsigned char 
 Auto vars:     Size  Location     Type
  channel         1   69[COMRAM] unsigned char 
  voltage         3   66[COMRAM] float 
  raw_value       2   70[COMRAM] int 
 Return value:  Size  Location     Type
                  3   63[COMRAM] float 
 Registers used:
		wreg, status,2, status,0, prodl, prodh, cstack
 Tracked objects:
		On entry : 
		On exit  : 
		Unchanged: 
 Data sizes:     COMRAM   BANK0   BANK1   BANK2   BANK3   BANK4   BANK5   BANK6   BANK7   BANK8   BANK9  BANK10  BANK11  BANK12  BANK13  BANK14  BANK15
      Params:         3       0       0       0       0       0       0       0       0       0       0       0       0       0       0       0       0
      Locals:         6       0       0       0       0       0       0       0       0       0       0       0       0       0       0       0       0
      Temps:          0       0       0       0       0       0       0       0       0       0       0       0       0       0       0       0       0
      Totals:         9       0       0       0       0       0       0       0       0       0       0       0       0       0       0       0       0
Total ram usage:        9 bytes
 Hardware stack levels used:    1
 Hardware stack levels required when called:    4
 This function calls:
		___awtoft
		___ftdiv
		___wmul
		_read_adc_raw_no_lib
 This function is called by:
		_main
 This function uses a non-reentrant model


 *************** function _read_adc_raw_no_lib *****************
 Defined at:
		line 33 in file "my_adc.c"
 Parameters:    Size  Location     Type
  channel         1    wreg     unsigned char 
 Auto vars:     Size  Location     Type
  channel         1   30[COMRAM] unsigned char 
  raw_value       2   28[COMRAM] int 
 Return value:  Size  Location     Type
                  2   24[COMRAM] int 
 Registers used:
		wreg, status,2, status,0
 Tracked objects:
		On entry : 
		On exit  : 
		Unchanged: 
 Data sizes:     COMRAM   BANK0   BANK1   BANK2   BANK3   BANK4   BANK5   BANK6   BANK7   BANK8   BANK9  BANK10  BANK11  BANK12  BANK13  BANK14  BANK15
      Params:         2       0       0       0       0       0       0       0       0       0       0       0       0       0       0       0       0
      Locals:         3       0       0       0       0       0       0       0       0       0       0       0       0       0       0       0       0
      Temps:          2       0       0       0       0       0       0       0       0       0       0       0       0       0       0       0       0
      Totals:         7       0       0       0       0       0       0       0       0       0       0       0       0       0       0       0       0
Total ram usage:        7 bytes
 Hardware stack levels used:    1
 Hardware stack levels required when called:    2
 This function calls:
		Nothing
 This function is called by:
		_read_adc_voltage
 This function uses a non-reentrant model


 *************** function ___ftdiv *****************
 Defined at:
		line 54 in file "C:\Program Files (x86)\Microchip\xc8\v1.45\sources\common\ftdiv.c"
 Parameters:    Size  Location     Type
  f1              3   48[COMRAM] float 
  f2              3   51[COMRAM] float 
 Auto vars:     Size  Location     Type
  f3              3   58[COMRAM] float 
  sign            1   62[COMRAM] unsigned char 
  exp             1   61[COMRAM] unsigned char 
  cntr            1   57[COMRAM] unsigned char 
 Return value:  Size  Location     Type
                  3   48[COMRAM] float 
 Registers used:
		wreg, status,2, status,0, cstack
 Tracked objects:
		On entry : 
		On exit  : 
		Unchanged: 
 Data sizes:     COMRAM   BANK0   BANK1   BANK2   BANK3   BANK4   BANK5   BANK6   BANK7   BANK8   BANK9  BANK10  BANK11  BANK12  BANK13  BANK14  BANK15
      Params:         6       0       0       0       0       0       0       0       0       0       0       0       0       0       0       0       0
      Locals:         6       0       0       0       0       0       0       0       0       0       0       0       0       0       0       0       0
      Temps:          3       0       0       0       0       0       0       0       0       0       0       0       0       0       0       0       0
      Totals:        15       0       0       0       0       0       0       0       0       0       0       0       0       0       0       0       0
Total ram usage:       15 bytes
 Hardware stack levels used:    1
 Hardware stack levels required when called:    3
 This function calls:
		___ftpack
 This function is called by:
		_read_adc_voltage
 This function uses a non-reentrant model


 *************** function ___awtoft *****************
 Defined at:
		line 32 in file "C:\Program Files (x86)\Microchip\xc8\v1.45\sources\common\awtoft.c"
 Parameters:    Size  Location     Type
  c               2   44[COMRAM] int 
 Auto vars:     Size  Location     Type
  sign            1   47[COMRAM] unsigned char 
 Return value:  Size  Location     Type
                  3   44[COMRAM] float 
 Registers used:
		wreg, status,2, status,0, cstack
 Tracked objects:
		On entry : 
		On exit  : 
		Unchanged: 
 Data sizes:     COMRAM   BANK0   BANK1   BANK2   BANK3   BANK4   BANK5   BANK6   BANK7   BANK8   BANK9  BANK10  BANK11  BANK12  BANK13  BANK14  BANK15
      Params:         3       0       0       0       0       0       0       0       0       0       0       0       0       0       0       0       0
      Locals:         1       0       0       0       0       0       0       0       0       0       0       0       0       0       0       0       0
      Temps:          0       0       0       0       0       0       0       0       0       0       0       0       0       0       0       0       0
      Totals:         4       0       0       0       0       0       0       0       0       0       0       0       0       0       0       0       0
Total ram usage:        4 bytes
 Hardware stack levels used:    1
 Hardware stack levels required when called:    3
 This function calls:
		___ftpack
 This function is called by:
		_read_adc_voltage
 This function uses a non-reentrant model


 *************** function _lcd_init *****************
 Defined at:
		line 56 in file "lcd_x8.c"
 Parameters:    Size  Location     Type
		None
 Auto vars:     Size  Location     Type
  i               1   34[COMRAM] unsigned char 
 Return value:  Size  Location     Type
                  1    wreg      void 
 Registers used:
		wreg, fsr2l, fsr2h, status,2, status,0, prodl, prodh, cstack
 Tracked objects:
		On entry : 
		On exit  : 
		Unchanged: 
 Data sizes:     COMRAM   BANK0   BANK1   BANK2   BANK3   BANK4   BANK5   BANK6   BANK7   BANK8   BANK9  BANK10  BANK11  BANK12  BANK13  BANK14  BANK15
      Params:         0       0       0       0       0       0       0       0       0       0       0       0       0       0       0       0       0
      Locals:         1       0       0       0       0       0       0       0       0       0       0       0       0       0       0       0       0
      Temps:          0       0       0       0       0       0       0       0       0       0       0       0       0       0       0       0       0
      Totals:         1       0       0       0       0       0       0       0       0       0       0       0       0       0       0       0       0
Total ram usage:        1 bytes
 Hardware stack levels used:    1
 Hardware stack levels required when called:    5
 This function calls:
		_delay_ms
		_lcd_send_byte
		_lcd_send_nibble
 This function is called by:
		_main
 This function uses a non-reentrant model


 *************** function _init_timer0 *****************
 Defined at:
		line 182 in file "HM1.c"
 Parameters:    Size  Location     Type
		None
 Auto vars:     Size  Location     Type
		None
 Return value:  Size  Location     Type
                  1    wreg      void 
 Registers used:
		wreg, status,2
 Tracked objects:
		On entry : 
		On exit  : 
		Unchanged: 
 Data sizes:     COMRAM   BANK0   BANK1   BANK2   BANK3   BANK4   BANK5   BANK6   BANK7   BANK8   BANK9  BANK10  BANK11  BANK12  BANK13  BANK14  BANK15
      Params:         0       0       0       0       0       0       0       0       0       0       0       0       0       0       0       0       0
      Locals:         0       0       0       0       0       0       0       0       0       0       0       0       0       0       0       0       0
      Temps:          0       0       0       0       0       0       0       0       0       0       0       0       0       0       0       0       0
      Totals:         0       0       0       0       0       0       0       0       0       0       0       0       0       0       0       0       0
Total ram usage:        0 bytes
 Hardware stack levels used:    1
 Hardware stack levels required when called:    2
 This function calls:
		Nothing
 This function is called by:
		_main
 This function uses a non-reentrant model


 *************** function _init_adc_no_lib *****************
 Defined at:
		line 11 in file "my_adc.c"
 Parameters:    Size  Location     Type
		None
 Auto vars:     Size  Location     Type
		None
 Return value:  Size  Location     Type
                  1    wreg      void 
 Registers used:
		wreg, status,2
 Tracked objects:
		On entry : 
		On exit  : 
		Unchanged: 
 Data sizes:     COMRAM   BANK0   BANK1   BANK2   BANK3   BANK4   BANK5   BANK6   BANK7   BANK8   BANK9  BANK10  BANK11  BANK12  BANK13  BANK14  BANK15
      Params:         0       0       0       0       0       0       0       0       0       0       0       0       0       0       0       0       0
      Locals:         0       0       0       0       0       0       0       0       0       0       0       0       0       0       0       0       0
      Temps:          0       0       0       0       0       0       0       0       0       0       0       0       0       0       0       0       0
      Totals:         0       0       0       0       0       0       0       0       0       0       0       0       0       0       0       0       0
Total ram usage:        0 bytes
 Hardware stack levels used:    1
 Hardware stack levels required when called:    2
 This function calls:
		Nothing
 This function is called by:
		_main
 This function uses a non-reentrant model


 *************** function _handle_uart *****************
 Defined at:
		line 204 in file "HM1.c"
 Parameters:    Size  Location     Type
		None
 Auto vars:     Size  Location     Type
  s2              1   24[BANK1 ] unsigned char 
  s1              1   23[BANK1 ] unsigned char 
  m2              1   22[BANK1 ] unsigned char 
  m1              1   21[BANK1 ] unsigned char 
  h2              1   20[BANK1 ] unsigned char 
  h1              1   19[BANK1 ] unsigned char 
  c2              1    1[BANK1 ] unsigned char 
  c1              1    0[BANK1 ] unsigned char 
  buffer         16    2[BANK1 ] unsigned char [16]
  cmd             1   18[BANK1 ] unsigned char 
 Return value:  Size  Location     Type
                  1    wreg      void 
 Registers used:
		wreg, fsr2l, fsr2h, status,2, status,0, tblptrl, tblptrh, tblptru, prodl, prodh, cstack
 Tracked objects:
		On entry : 
		On exit  : 
		Unchanged: 
 Data sizes:     COMRAM   BANK0   BANK1   BANK2   BANK3   BANK4   BANK5   BANK6   BANK7   BANK8   BANK9  BANK10  BANK11  BANK12  BANK13  BANK14  BANK15
      Params:         0       0       0       0       0       0       0       0       0       0       0       0       0       0       0       0       0
      Locals:         0       0      29       0       0       0       0       0       0       0       0       0       0       0       0       0       0
      Temps:          0       0       0       0       0       0       0       0       0       0       0       0       0       0       0       0       0
      Totals:         0       0      29       0       0       0       0       0       0       0       0       0       0       0       0       0       0
Total ram usage:       29 bytes
 Hardware stack levels used:    1
 Hardware stack levels required when called:    6
 This function calls:
		_is_byte_available
		_read_byte_no_lib
		_send_string_no_lib
		_sprintf
		_wait_for_byte
 This function is called by:
		_main
 This function uses a non-reentrant model


 *************** function _wait_for_byte *****************
 Defined at:
		line 197 in file "HM1.c"
 Parameters:    Size  Location     Type
		None
 Auto vars:     Size  Location     Type
		None
 Return value:  Size  Location     Type
                  1    wreg      unsigned char 
 Registers used:
		wreg, status,2, cstack
 Tracked objects:
		On entry : 
		On exit  : 
		Unchanged: 
 Data sizes:     COMRAM   BANK0   BANK1   BANK2   BANK3   BANK4   BANK5   BANK6   BANK7   BANK8   BANK9  BANK10  BANK11  BANK12  BANK13  BANK14  BANK15
      Params:         0       0       0       0       0       0       0       0       0       0       0       0       0       0       0       0       0
      Locals:         0       0       0       0       0       0       0       0       0       0       0       0       0       0       0       0       0
      Temps:          0       0       0       0       0       0       0       0       0       0       0       0       0       0       0       0       0
      Totals:         0       0       0       0       0       0       0       0       0       0       0       0       0       0       0       0       0
Total ram usage:        0 bytes
 Hardware stack levels used:    1
 Hardware stack levels required when called:    3
 This function calls:
		_is_byte_available
		_read_byte_no_lib
 This function is called by:
		_handle_uart
 This function uses a non-reentrant model


 *************** function _read_byte_no_lib *****************
 Defined at:
		line 33 in file "my_ser.c"
 Parameters:    Size  Location     Type
		None
 Auto vars:     Size  Location     Type
  c               1   24[COMRAM] unsigned char 
 Return value:  Size  Location     Type
                  1    wreg      unsigned char 
 Registers used:
		wreg, status,2
 Tracked objects:
		On entry : 
		On exit  : 
		Unchanged: 
 Data sizes:     COMRAM   BANK0   BANK1   BANK2   BANK3   BANK4   BANK5   BANK6   BANK7   BANK8   BANK9  BANK10  BANK11  BANK12  BANK13  BANK14  BANK15
      Params:         0       0       0       0       0       0       0       0       0       0       0       0       0       0       0       0       0
      Locals:         1       0       0       0       0       0       0       0       0       0       0       0       0       0       0       0       0
      Temps:          0       0       0       0       0       0       0       0       0       0       0       0       0       0       0       0       0
      Totals:         1       0       0       0       0       0       0       0       0       0       0       0       0       0       0       0       0
Total ram usage:        1 bytes
 Hardware stack levels used:    1
 Hardware stack levels required when called:    2
 This function calls:
		Nothing
 This function is called by:
		_wait_for_byte
		_handle_uart
 This function uses a non-reentrant model


 *************** function _is_byte_available *****************
 Defined at:
		line 21 in file "my_ser.c"
 Parameters:    Size  Location     Type
		None
 Auto vars:     Size  Location     Type
		None
 Return value:  Size  Location     Type
                  1    wreg      unsigned char 
 Registers used:
		wreg
 Tracked objects:
		On entry : 
		On exit  : 
		Unchanged: 
 Data sizes:     COMRAM   BANK0   BANK1   BANK2   BANK3   BANK4   BANK5   BANK6   BANK7   BANK8   BANK9  BANK10  BANK11  BANK12  BANK13  BANK14  BANK15
      Params:         0       0       0       0       0       0       0       0       0       0       0       0       0       0       0       0       0
      Locals:         0       0       0       0       0       0       0       0       0       0       0       0       0       0       0       0       0
      Temps:          0       0       0       0       0       0       0       0       0       0       0       0       0       0       0       0       0
      Totals:         0       0       0       0       0       0       0       0       0       0       0       0       0       0       0       0       0
Total ram usage:        0 bytes
 Hardware stack levels used:    1
 Hardware stack levels required when called:    2
 This function calls:
		Nothing
 This function is called by:
		_wait_for_byte
		_handle_uart
 This function uses a non-reentrant model


 *************** function _send_string_no_lib *****************
 Defined at:
		line 47 in file "my_ser.c"
 Parameters:    Size  Location     Type
  p               2   25[COMRAM] PTR unsigned char 
		 -> STR_9(24), handle_uart@buffer(16), 
 Auto vars:     Size  Location     Type
		None
 Return value:  Size  Location     Type
                  1    wreg      void 
 Registers used:
		wreg, fsr2l, fsr2h, status,2, status,0, tblptrl, tblptrh, tblptru, cstack
 Tracked objects:
		On entry : 
		On exit  : 
		Unchanged: 
 Data sizes:     COMRAM   BANK0   BANK1   BANK2   BANK3   BANK4   BANK5   BANK6   BANK7   BANK8   BANK9  BANK10  BANK11  BANK12  BANK13  BANK14  BANK15
      Params:         2       0       0       0       0       0       0       0       0       0       0       0       0       0       0       0       0
      Locals:         0       0       0       0       0       0       0       0       0       0       0       0       0       0       0       0       0
      Temps:          0       0       0       0       0       0       0       0       0       0       0       0       0       0       0       0       0
      Totals:         2       0       0       0       0       0       0       0       0       0       0       0       0       0       0       0       0
Total ram usage:        2 bytes
 Hardware stack levels used:    1
 Hardware stack levels required when called:    3
 This function calls:
		_send_byte_no_lib
 This function is called by:
		_handle_uart
 This function uses a non-reentrant model


 *************** function _send_byte_no_lib *****************
 Defined at:
		line 39 in file "my_ser.c"
 Parameters:    Size  Location     Type
  c               1    wreg     unsigned char 
 Auto vars:     Size  Location     Type
  c               1   24[COMRAM] unsigned char 
 Return value:  Size  Location     Type
                  1    wreg      void 
 Registers used:
		wreg
 Tracked objects:
		On entry : 
		On exit  : 
		Unchanged: 
 Data sizes:     COMRAM   BANK0   BANK1   BANK2   BANK3   BANK4   BANK5   BANK6   BANK7   BANK8   BANK9  BANK10  BANK11  BANK12  BANK13  BANK14  BANK15
      Params:         0       0       0       0       0       0       0       0       0       0       0       0       0       0       0       0       0
      Locals:         1       0       0       0       0       0       0       0       0       0       0       0       0       0       0       0       0
      Temps:          0       0       0       0       0       0       0       0       0       0       0       0       0       0       0       0       0
      Totals:         1       0       0       0       0       0       0       0       0       0       0       0       0       0       0       0       0
Total ram usage:        1 bytes
 Hardware stack levels used:    1
 Hardware stack levels required when called:    2
 This function calls:
		Nothing
 This function is called by:
		_send_string_no_lib
 This function uses a non-reentrant model


 *************** function _handle_buttons *****************
 Defined at:
		line 292 in file "HM1.c"
 Parameters:    Size  Location     Type
		None
 Auto vars:     Size  Location     Type
		None
 Return value:  Size  Location     Type
                  1    wreg      void 
 Registers used:
		wreg, status,2, status,0, cstack
 Tracked objects:
		On entry : 
		On exit  : 
		Unchanged: 
 Data sizes:     COMRAM   BANK0   BANK1   BANK2   BANK3   BANK4   BANK5   BANK6   BANK7   BANK8   BANK9  BANK10  BANK11  BANK12  BANK13  BANK14  BANK15
      Params:         0       0       0       0       0       0       0       0       0       0       0       0       0       0       0       0       0
      Locals:         6       0       0       0       0       0       0       0       0       0       0       0       0       0       0       0       0
      Temps:          2       0       0       0       0       0       0       0       0       0       0       0       0       0       0       0       0
      Totals:         8       0       0       0       0       0       0       0       0       0       0       0       0       0       0       0       0
Total ram usage:        8 bytes
 Hardware stack levels used:    1
 Hardware stack levels required when called:    3
 This function calls:
		___awmod
 This function is called by:
		_main
 This function uses a non-reentrant model


 *************** function _display_lcd *****************
 Defined at:
		line 311 in file "HM1.c"
 Parameters:    Size  Location     Type
		None
 Auto vars:     Size  Location     Type
		None
 Return value:  Size  Location     Type
                  1    wreg      void 
 Registers used:
		wreg, fsr2l, fsr2h, status,2, status,0, tblptrl, tblptrh, tblptru, prodl, prodh, cstack
 Tracked objects:
		On entry : 
		On exit  : 
		Unchanged: 
 Data sizes:     COMRAM   BANK0   BANK1   BANK2   BANK3   BANK4   BANK5   BANK6   BANK7   BANK8   BANK9  BANK10  BANK11  BANK12  BANK13  BANK14  BANK15
      Params:         0       0       0       0       0       0       0       0       0       0       0       0       0       0       0       0       0
      Locals:         0       4       0       0       0       0       0       0       0       0       0       0       0       0       0       0       0
[...]
      Params:         2       0       0       0       0       0       0       0       0       0       0       0       0       0       0       0       0
      Locals:         0       0       0       0       0       0       0       0       0       0       0       0       0       0       0       0       0
      Temps:          0       0       0       0       0       0       0       0       0       0       0       0       0       0       0       0       0
      Totals:         2       0       0       0       0       0       0       0       0       0       0       0       0       0       0       0       0
Total ram usage:        2 bytes
 Hardware stack levels used:    1
 Hardware stack levels required when called:    7
 This function calls:
		_lcd_putc
 This function is called by:
		_display_lcd
 This function uses a non-reentrant model


 *************** function _lcd_putc *****************
 Defined at:
		line 106 in file "lcd_x8.c"
 Parameters:    Size  Location     Type
  c               1    wreg     unsigned char 
 Auto vars:     Size  Location     Type
  c               1   37[COMRAM] unsigned char 
 Return value:  Size  Location     Type
                  1    wreg      void 
 Registers used:
		wreg, status,2, status,0, cstack
 Tracked objects:
		On entry : 
		On exit  : 
		Unchanged: 
 Data sizes:     COMRAM   BANK0   BANK1   BANK2   BANK3   BANK4   BANK5   BANK6   BANK7   BANK8   BANK9  BANK10  BANK11  BANK12  BANK13  BANK14  BANK15
      Params:         0       0       0       0       0       0       0       0       0       0       0       0       0       0       0       0       0
      Locals:         1       0       0       0       0       0       0       0       0       0       0       0       0       0       0       0       0
      Temps:          0       0       0       0       0       0       0       0       0       0       0       0       0       0       0       0       0
      Totals:         1       0       0       0       0       0       0       0       0       0       0       0       0       0       0       0       0
Total ram usage:        1 bytes
 Hardware stack levels used:    1
 Hardware stack levels required when called:    6
 This function calls:
		_delay_ms
		_lcd_gotoxy
		_lcd_send_byte
 This function is called by:
		_lcd_puts
 This function uses a non-reentrant model


 *************** function _lcd_gotoxy *****************
 Defined at:
		line 89 in file "lcd_x8.c"
 Parameters:    Size  Location     Type
  x               1    wreg     unsigned char 
  y               1   34[COMRAM] unsigned char 
 Auto vars:     Size  Location     Type
  x               1   35[COMRAM] unsigned char 
  address         1   36[COMRAM] unsigned char 
 Return value:  Size  Location     Type
                  1    wreg      void 
 Registers used:
		wreg, status,2, status,0, cstack
 Tracked objects:
		On entry : 
		On exit  : 
		Unchanged: 
 Data sizes:     COMRAM   BANK0   BANK1   BANK2   BANK3   BANK4   BANK5   BANK6   BANK7   BANK8   BANK9  BANK10  BANK11  BANK12  BANK13  BANK14  BANK15
      Params:         1       0       0       0       0       0       0       0       0       0       0       0       0       0       0       0       0
      Locals:         2       0       0       0       0       0       0       0       0       0       0       0       0       0       0       0       0
      Temps:          0       0       0       0       0       0       0       0       0       0       0       0       0       0       0       0       0
      Totals:         3       0       0       0       0       0       0       0       0       0       0       0       0       0       0       0       0
Total ram usage:        3 bytes
 Hardware stack levels used:    1
 Hardware stack levels required when called:    5
 This function calls:
		_lcd_send_byte
 This function is called by:
		_display_lcd
		_lcd_putc
 This function uses a non-reentrant model


 *************** function _lcd_send_byte *****************
 Defined at:
		line 39 in file "lcd_x8.c"
 Parameters:    Size  Location     Type
  cm_data         1    wreg     unsigned char 
  n               1   32[COMRAM] unsigned char 
 Auto vars:     Size  Location     Type
  cm_data         1   33[COMRAM] unsigned char 
 Return value:  Size  Location     Type
                  1    wreg      void 
 Registers used:
		wreg, status,2, status,0, cstack
 Tracked objects:
		On entry : 
		On exit  : 
		Unchanged: 
 Data sizes:     COMRAM   BANK0   BANK1   BANK2   BANK3   BANK4   BANK5   BANK6   BANK7   BANK8   BANK9  BANK10  BANK11  BANK12  BANK13  BANK14  BANK15
      Params:         1       0       0       0       0       0       0       0       0       0       0       0       0       0       0       0       0
      Locals:         1       0       0       0       0       0       0       0       0       0       0       0       0       0       0       0       0
      Temps:          0       0       0       0       0       0       0       0       0       0       0       0       0       0       0       0       0
      Totals:         2       0       0       0       0       0       0       0       0       0       0       0       0       0       0       0       0
Total ram usage:        2 bytes
 Hardware stack levels used:    1
 Hardware stack levels required when called:    4
 This function calls:
		_delay_cycles
		_delay_ms
		_lcd_send_nibble
 This function is called by:
		_lcd_init
		_lcd_gotoxy
		_lcd_putc
		_Lcd_Shift_Right
		_Lcd_Shift_Left
 This function uses a non-reentrant model


 *************** function _lcd_send_nibble *****************
 Defined at:
		line 29 in file "lcd_x8.c"
 Parameters:    Size  Location     Type
  n               1    wreg     unsigned char 
 Auto vars:     Size  Location     Type
  n               1   31[COMRAM] unsigned char 
 Return value:  Size  Location     Type
                  1    wreg      void 
 Registers used:
		wreg, status,2, status,0, cstack
 Tracked objects:
		On entry : 
		On exit  : 
		Unchanged: 
 Data sizes:     COMRAM   BANK0   BANK1   BANK2   BANK3   BANK4   BANK5   BANK6   BANK7   BANK8   BANK9  BANK10  BANK11  BANK12  BANK13  BANK14  BANK15
      Params:         0       0       0       0       0       0       0       0       0       0       0       0       0       0       0       0       0
      Locals:         1       0       0       0       0       0       0       0       0       0       0       0       0       0       0       0       0
      Temps:          1       0       0       0       0       0       0       0       0       0       0       0       0       0       0       0       0
      Totals:         2       0       0       0       0       0       0       0       0       0       0       0       0       0       0       0       0
Total ram usage:        2 bytes
 Hardware stack levels used:    1
 Hardware stack levels required when called:    3
 This function calls:
		_delay_cycles
 This function is called by:
		_lcd_send_byte
		_lcd_init
 This function uses a non-reentrant model


 *************** function _delay_cycles *****************
 Defined at:
		line 20 in file "lcd_x8.c"
 Parameters:    Size  Location     Type
  n               1    wreg     unsigned char 
 Auto vars:     Size  Location     Type
  n               1   27[COMRAM] unsigned char 
  x               2   28[COMRAM] int 
 Return value:  Size  Location     Type
                  1    wreg      void 
 Registers used:
		wreg, status,2, status,0
 Tracked objects:
		On entry : 
		On exit  : 
		Unchanged: 
 Data sizes:     COMRAM   BANK0   BANK1   BANK2   BANK3   BANK4   BANK5   BANK6   BANK7   BANK8   BANK9  BANK10  BANK11  BANK12  BANK13  BANK14  BANK15
      Params:         0       0       0       0       0       0       0       0       0       0       0       0       0       0       0       0       0
      Locals:         3       0       0       0       0       0       0       0       0       0       0       0       0       0       0       0       0
      Temps:          3       0       0       0       0       0       0       0       0       0       0       0       0       0       0       0       0
      Totals:         6       0       0       0       0       0       0       0       0       0       0       0       0       0       0       0       0
Total ram usage:        6 bytes
 Hardware stack levels used:    1
 Hardware stack levels required when called:    2
 This function calls:
		Nothing
 This function is called by:
		_lcd_send_nibble
		_lcd_send_byte
 This function uses a non-reentrant model


 *************** function _delay_ms *****************
 Defined at:
		line 12 in file "lcd_x8.c"
 Parameters:    Size  Location     Type
  n               2   24[COMRAM] unsigned int 
 Auto vars:     Size  Location     Type
  x               2   26[COMRAM] int 
 Return value:  Size  Location     Type
                  1    wreg      void 
 Registers used:
		wreg, status,2, status,0
 Tracked objects:
		On entry : 
		On exit  : 
		Unchanged: 
 Data sizes:     COMRAM   BANK0   BANK1   BANK2   BANK3   BANK4   BANK5   BANK6   BANK7   BANK8   BANK9  BANK10  BANK11  BANK12  BANK13  BANK14  BANK15
      Params:         2       0       0       0       0       0       0       0       0       0       0       0       0       0       0       0       0
      Locals:         2       0       0       0       0       0       0       0       0       0       0       0       0       0       0       0       0
      Temps:          0       0       0       0       0       0       0       0       0       0       0       0       0       0       0       0       0
      Totals:         4       0       0       0       0       0       0       0       0       0       0       0       0       0       0       0       0
Total ram usage:        4 bytes
 Hardware stack levels used:    1
 Hardware stack levels required when called:    2
 This function calls:
		Nothing
 This function is called by:
		_lcd_send_byte
		_lcd_init
		_lcd_putc
 This function uses a non-reentrant model


 *************** function _ISR *****************
 Defined at:
		line 98 in file "HM1.c"
 Parameters:    Size  Location     Type
		None
 Auto vars:     Size  Location     Type
		None
 Return value:  Size  Location     Type
                  1    wreg      void 
 Registers used:
		wreg, status,2, status,0, cstack
 Tracked objects:
		On entry : 
		On exit  : 
		Unchanged: 
 Data sizes:     COMRAM   BANK0   BANK1   BANK2   BANK3   BANK4   BANK5   BANK6   BANK7   BANK8   BANK9  BANK10  BANK11  BANK12  BANK13  BANK14  BANK15
      Params:         0       0       0       0       0       0       0       0       0       0       0       0       0       0       0       0       0
      Locals:         0       0       0       0       0       0       0       0       0       0       0       0       0       0       0       0       0
      Temps:         18       0       0       0       0       0       0       0       0       0       0       0       0       0       0       0       0
      Totals:        18       0       0       0       0       0       0       0       0       0       0       0       0       0       0       0       0
Total ram usage:       18 bytes
 Hardware stack levels used:    1
 Hardware stack levels required when called:    1
 This function calls:
		_toggle_cooler
		i2___awmod
 This function is called by:
		Interrupt level 2
 This function uses a non-reentrant model


 *************** function i2___awmod *****************
 Defined at:
		line 8 in file "C:\Program Files (x86)\Microchip\xc8\v1.45\sources\common\awmod.c"
 Parameters:    Size  Location     Type
  dividend        2    0[COMRAM] int 
  divisor         2    2[COMRAM] int 
 Auto vars:     Size  Location     Type
  __awmod         1    5[COMRAM] unsigned char 
  __awmod         1    4[COMRAM] unsigned char 
 Return value:  Size  Location     Type
                  2    0[COMRAM] int 
 Registers used:
		wreg, status,2, status,0
 Tracked objects:
		On entry : 
		On exit  : 
		Unchanged: 
 Data sizes:     COMRAM   BANK0   BANK1   BANK2   BANK3   BANK4   BANK5   BANK6   BANK7   BANK8   BANK9  BANK10  BANK11  BANK12  BANK13  BANK14  BANK15
      Params:         4       0       0       0       0       0       0       0       0       0       0       0       0       0       0       0       0
      Locals:         2       0       0       0       0       0       0       0       0       0       0       0       0       0       0       0       0
      Temps:          0       0       0       0       0       0       0       0       0       0       0       0       0       0       0       0       0
      Totals:         6       0       0       0       0       0       0       0       0       0       0       0       0       0       0       0       0
Total ram usage:        6 bytes
 Hardware stack levels used:    1
 This function calls:
		Nothing
 This function is called by:
		_ISR
 This function uses a non-reentrant model


 *************** function _toggle_cooler *****************
 Defined at:
		line 285 in file "HM1.c"
 Parameters:    Size  Location     Type
		None
 Auto vars:     Size  Location     Type
		None
 Return value:  Size  Location     Type
                  1    wreg      void 
 Registers used:
		None
 Tracked objects:
		On entry : 
		On exit  : 
		Unchanged: 
 Data sizes:     COMRAM   BANK0   BANK1   BANK2   BANK3   BANK4   BANK5   BANK6   BANK7   BANK8   BANK9  BANK10  BANK11  BANK12  BANK13  BANK14  BANK15
      Params:         0       0       0       0       0       0       0       0       0       0       0       0       0       0       0       0       0
      Locals:         0       0       0       0       0       0       0       0       0       0       0       0       0       0       0       0       0
      Temps:          0       0       0       0       0       0       0       0       0       0       0       0       0       0       0       0       0
      Totals:         0       0       0       0       0       0       0       0       0       0       0       0       0       0       0       0       0
Total ram usage:        0 bytes
 Hardware stack levels used:    1
 This function calls:
		Nothing
 This function is called by:
		_ISR
 This function uses a non-reentrant model



MODULE INFORMATION

Module		Function		Class		Link	Load	Size
C:\Program Files (x86)\Microchip\xc8\v1.45\sources\common\ftneg.c
		___ftneg       		CODE           	26A8	0000	37

C:\Program Files (x86)\Microchip\xc8\v1.45\sources\common\ftneg.c estimated size: 37

C:\Program Files (x86)\Microchip\xc8\v1.45\sources\common\ftsub.c
		___ftsub       		CODE           	24A2	0000	67

C:\Program Files (x86)\Microchip\xc8\v1.45\sources\common\ftsub.c estimated size: 67

C:\Program Files (x86)\Microchip\xc8\v1.45\sources\common\float.c
		___ftpack      		CODE           	1E56	0000	175

C:\Program Files (x86)\Microchip\xc8\v1.45\sources\common\float.c estimated size: 175

C:\Program Files (x86)\Microchip\xc8\v1.45\sources\common\doprnt.c
		_scale         		CODE           	0B92	0000	1129
		_sprintf       		CODE           	0012	0000	2945
		_fround        		CODE           	0FFA	0000	639

C:\Program Files (x86)\Microchip\xc8\v1.45\sources\common\doprnt.c estimated size: 4713

C:\Program Files (x86)\Microchip\xc8\v1.45\sources\common\lltoft.c
		___lltoft      		CODE           	22A8	0000	93

C:\Program Files (x86)\Microchip\xc8\v1.45\sources\common\lltoft.c estimated size: 93

C:\Program Files (x86)\Microchip\xc8\v1.45\sources\common\Umul16.c
		___wmul        		CODE           	2638	0000	39

C:\Program Files (x86)\Microchip\xc8\v1.45\sources\common\Umul16.c estimated size: 39

my_ser.c
		_send_byte_no_lib		CODE           	2784	0000	17
		_is_byte_available		CODE           	2746	0000	25
		_read_byte_no_lib		CODE           	27A0	0000	9
		_setupSerial   		CODE           	2684	0000	37
		_send_string_no_lib		CODE           	2304	0000	87

my_ser.c estimated size: 175

HM1.c
		_ISR           		CODE           	0008	0000	277
		_display_lcd   		CODE           	1956	0000	289
		_main          		CODE           	2406	0000	85
		_handle_uart   		CODE           	1278	0000	437
		_init_timer0   		CODE           	272E	0000	25
		_handle_buttons		CODE           	1834	0000	291
		_setupPorts    		CODE           	26CC	0000	35
		_toggle_heater 		CODE           	25D8	0000	51
		_toggle_cooler 		CODE           	275E	0000	23
		_wait_for_byte 		CODE           	2774	0000	17

HM1.c estimated size: 1530

C:\Program Files (x86)\Microchip\xc8\v1.45\sources\common\ftge.c
		___ftge        		CODE           	1F04	0000	145

C:\Program Files (x86)\Microchip\xc8\v1.45\sources\common\ftge.c estimated size: 145

my_adc.c
		_init_adc_no_lib		CODE           	2794	0000	13
		_read_adc_raw_no_lib		CODE           	2566	0000	59
		_read_adc_voltage		CODE           	217A	0000	103

my_adc.c estimated size: 175

C:\Program Files (x86)\Microchip\xc8\v1.45\sources\common\isdigit.c
		_isdigit       		CODE           	2710	0000	31

C:\Program Files (x86)\Microchip\xc8\v1.45\sources\common\isdigit.c estimated size: 31

C:\Program Files (x86)\Microchip\xc8\v1.45\sources\common\ftdivl.c
		__tdiv_to_l_   		CODE           	15DA	0000	307

C:\Program Files (x86)\Microchip\xc8\v1.45\sources\common\ftdivl.c estimated size: 307

C:\Program Files (x86)\Microchip\xc8\v1.45\sources\common\ftmul.c
		___ftmul       		CODE           	1C7C	0000	245

C:\Program Files (x86)\Microchip\xc8\v1.45\sources\common\ftmul.c estimated size: 245

C:\Program Files (x86)\Microchip\xc8\v1.45\sources\common\awmod.c
		___awmod       		CODE           	209A	0000	113

C:\Program Files (x86)\Microchip\xc8\v1.45\sources\common\awmod.c estimated size: 113

C:\Program Files (x86)\Microchip\xc8\v1.45\sources\common\ftdiv.c
		___ftdiv       		CODE           	1D70	0000	231

C:\Program Files (x86)\Microchip\xc8\v1.45\sources\common\ftdiv.c estimated size: 231

C:\Program Files (x86)\Microchip\xc8\v1.45\sources\common\llmod.c
		___llmod       		CODE           	21E0	0000	103

C:\Program Files (x86)\Microchip\xc8\v1.45\sources\common\llmod.c estimated size: 103

C:\Program Files (x86)\Microchip\xc8\v1.45\sources\common\fldivl.c
		__div_to_l_    		CODE           	170C	0000	297

C:\Program Files (x86)\Microchip\xc8\v1.45\sources\common\fldivl.c estimated size: 297

shared
		__powers_      		MEDIUMCONST    	FECB	0000	40
		_dpowers       		MEDIUMCONST    	FEA3	0000	41
		__npowers_     		MEDIUMCONST    	FEF2	0000	40
		__initialization		CODE           	2526	0000	55
		i2___awmod     		CODE           	210A	0000	113

shared estimated size: 289

C:\Program Files (x86)\Microchip\xc8\v1.45\sources\common\fttol.c
		___fttol       		CODE           	1B84	0000	249

C:\Program Files (x86)\Microchip\xc8\v1.45\sources\common\fttol.c estimated size: 249

C:\Program Files (x86)\Microchip\xc8\v1.45\sources\common\awtoft.c
		___awtoft      		CODE           	25A0	0000	57

C:\Program Files (x86)\Microchip\xc8\v1.45\sources\common\awtoft.c estimated size: 57

C:\Program Files (x86)\Microchip\xc8\v1.45\sources\common\awdiv.c
		___awdiv       		CODE           	1F94	0000	133

C:\Program Files (x86)\Microchip\xc8\v1.45\sources\common\awdiv.c estimated size: 133

C:\Program Files (x86)\Microchip\xc8\v1.45\sources\common\ftadd.c
		___ftadd       		CODE           	142C	0000	431

C:\Program Files (x86)\Microchip\xc8\v1.45\sources\common\ftadd.c estimated size: 431

C:\Program Files (x86)\Microchip\xc8\v1.45\sources\common\lldiv.c
		___lldiv       		CODE           	2018	0000	131

C:\Program Files (x86)\Microchip\xc8\v1.45\sources\common\lldiv.c estimated size: 131

lcd_x8.c
		_lcd_putc      		CODE           	23B0	0000	87
		_lcd_puts      		CODE           	235A	0000	87
		_lcd_send_byte 		CODE           	245A	0000	73
		_lcd_gotoxy    		CODE           	24E4	0000	67
		_lcd_send_nibble		CODE           	26EE	0000	35
		_delay_ms      		CODE           	265E	0000	39
		_lcd_init      		CODE           	2246	0000	99
		_delay_cycles  		CODE           	260A	0000	47

lcd_x8.c estimated size: 534

